// Jest Snapshot v1, https://goo.gl/fbAQLP

exports[`InfoText should render correctly 1`] = `
<View
  style={
    Object {
      "backgroundColor": "#9867F0",
      "borderRadius": 12,
      "flexDirection": "row",
      "marginTop": 12,
      "padding": 16,
      "width": "100%",
    }
  }
>
  <Feather
    color="#FFFFFF"
    name="alert-circle"
    size={18}
  />
  <Text
    style={
      Object {
        "color": "#FFFFFF",
        "fontFamily": "HelveticaNeue-Medium",
        "fontSize": 16,
        "marginEnd": 16,
        "marginStart": 8,
      }
    }
  >
    Text
  </Text>
</View>
`;
