// Jest Snapshot v1, https://goo.gl/fbAQLP

exports[`RepositoriesScreen should render correctly 1`] = `
<View
  style={
    Object {
      "backgroundColor": "#fff",
      "flex": 1,
    }
  }
>
  <View
    style={
      Object {
        "alignItems": "center",
        "backgroundColor": "#fff",
        "height": 50,
        "justifyContent": "center",
        "paddingHorizontal": 10,
        "paddingVertical": 4,
      }
    }
  >
    <TextInput
      autoCapitalize="none"
      autoCorrect={false}
      onChangeText={[Function]}
      placeholder="Search repo.."
      placeholderTextColor="#FFFFFF"
      style={
        Object {
          "backgroundColor": "#414757",
          "borderColor": "#333",
          "borderRadius": 25,
          "color": "#FFFFFF",
          "fontSize": 14,
          "height": 40,
          "paddingHorizontal": 15,
          "width": "100%",
        }
      }
    />
  </View>
  <RCTScrollView
    ItemSeparatorComponent={[Function]}
    ListEmptyComponent={[Function]}
    ListHeaderComponent={[Function]}
    data={
      Array [
        Object {
          "id": 1,
          "name": "Repo 1",
          "updated_at": 1985-11-05T00:53:20.000Z,
        },
        Object {
          "id": 2,
          "name": "Repo 2",
          "updated_at": 1985-11-05T00:53:20.000Z,
        },
        Object {
          "id": 3,
          "name": "Repo 3",
          "updated_at": 1985-11-05T00:53:20.000Z,
        },
      ]
    }
    getItem={[Function]}
    getItemCount={[Function]}
    keyExtractor={[Function]}
    onContentSizeChange={[Function]}
    onLayout={[Function]}
    onMomentumScrollBegin={[Function]}
    onMomentumScrollEnd={[Function]}
    onScroll={[Function]}
    onScrollBeginDrag={[Function]}
    onScrollEndDrag={[Function]}
    refreshControl={
      <RefreshControlMock
        onRefresh={[Function]}
        refreshing={false}
      />
    }
    removeClippedSubviews={true}
    renderItem={[Function]}
    scrollEventThrottle={50}
    stickyHeaderIndices={
      Array [
        0,
      ]
    }
    style={Object {}}
    viewabilityConfigCallbackPairs={Array []}
  >
    <RCTRefreshControl />
    <View>
      <View
        onLayout={[Function]}
      >
        <View
          style={
            Object {
              "backgroundColor": "#fff",
              "paddingHorizontal": 14,
              "paddingVertical": 5,
            }
          }
        >
          <Text
            style={
              Object {
                "color": "#414757",
                "fontFamily": "HelveticaNeue-Medium",
                "fontSize": 15,
                "padding": 3,
              }
            }
          >
            3 repositories
          </Text>
        </View>
      </View>
      <View
        onLayout={[Function]}
        style={null}
      >
        <View
          accessible={true}
          focusable={true}
          onClick={[Function]}
          onResponderGrant={[Function]}
          onResponderMove={[Function]}
          onResponderRelease={[Function]}
          onResponderTerminate={[Function]}
          onResponderTerminationRequest={[Function]}
          onStartShouldSetResponder={[Function]}
          style={
            Object {
              "alignItems": "flex-start",
              "backgroundColor": "#fff",
              "borderBottomColor": "#f4f4f4",
              "borderBottomWidth": 1,
              "justifyContent": "center",
              "minHeight": 60,
              "padding": 8,
              "paddingVertical": 10,
            }
          }
        >
          <View
            style={
              Object {
                "flex": 1,
                "flexDirection": "row",
                "justifyContent": "space-between",
              }
            }
          >
            <View
              style={
                Object {
                  "alignContent": "center",
                  "alignItems": "center",
                  "justifyContent": "center",
                  "marginEnd": 20,
                }
              }
            >
              <Image
                source="test-file-stub"
                style={
                  Object {
                    "alignItems": "center",
                    "alignSelf": "center",
                    "height": 24,
                    "width": 24,
                  }
                }
              />
            </View>
            <View
              style={
                Object {
                  "flex": 1,
                  "fontFamily": "Montserrat-Regular",
                  "overflow": "hidden",
                  "shadowOffset": Object {
                    "height": 0,
                    "width": 0,
                  },
                  "textShadowOffset": Object {
                    "height": 0,
                    "width": 0,
                  },
                }
              }
            >
              <Text
                ellipsizeMode="tail"
                numberOfLines={2}
                style={
                  Object {
                    "color": "#383B42",
                    "fontFamily": "HelveticaNeue-Medium",
                    "fontSize": 18,
                    "lineHeight": 18,
                    "marginBottom": 2,
                    "paddingTop": 8,
                    "shadowOffset": Object {
                      "height": 0,
                      "width": 0,
                    },
                    "shadowOpacity": 0,
                    "shadowRadius": 0,
                  }
                }
              >
                Repo 1
              </Text>
              <View
                style={
                  Object {
                    "display": "flex",
                    "flexDirection": "row",
                    "height": 18,
                    "justifyContent": "flex-start",
                    "marginTop": 4,
                  }
                }
              >
                <Text
                  style={
                    Object {
                      "color": "#383B42",
                      "flex": 1,
                      "fontFamily": "Montserrat-Regular",
                      "fontSize": 12,
                      "lineHeight": 18,
                      "marginLeft": 0,
                      "paddingBottom": 5,
                      "shadowOffset": Object {
                        "height": 0,
                        "width": 0,
                      },
                      "shadowOpacity": 0,
                      "shadowRadius": 0,
                    }
                  }
                >
                  November 2
                  ,
                   
                  <Text
                    style={
                      Object {
                        "fontWeight": "bold",
                      }
                    }
                  >
                    01:53
                  </Text>
                </Text>
              </View>
              <View
                style={
                  Object {
                    "alignContent": "center",
                    "alignItems": "center",
                    "display": "flex",
                    "flexDirection": "row",
                    "justifyContent": "flex-start",
                    "marginTop": 6,
                  }
                }
              >
                <Image
                  source="test-file-stub"
                  style={
                    Object {
                      "alignItems": "center",
                      "alignSelf": "center",
                      "height": 12,
                      "marginEnd": 5,
                      "width": 12,
                    }
                  }
                />
                <Text
                  style={
                    Object {
                      "color": "#383B42",
                      "fontFamily": "Montserrat-Regular",
                      "fontSize": 12,
                      "marginLeft": 0,
                    }
                  }
                />
              </View>
            </View>
            <View
              style={
                Object {
                  "alignContent": "center",
                  "alignItems": "center",
                  "alignSelf": "center",
                  "flexDirection": "column",
                  "justifyContent": "center",
                  "marginTop": 0,
                  "right": 3,
                }
              }
            >
              <RNSVGSvgView
                align="xMidYMid"
                bbHeight="20"
                bbWidth="20"
                focusable={false}
                height={20}
                meetOrSlice={0}
                minX={0}
                minY={0}
                style={
                  Array [
                    Object {
                      "backgroundColor": "transparent",
                      "borderWidth": 0,
                    },
                    Object {
                      "color": "#383B42",
                    },
                    Object {
                      "flex": 0,
                      "height": 20,
                      "width": 20,
                    },
                  ]
                }
                tintColor="#383B42"
                vbHeight={24}
                vbWidth={24}
                width={20}
              >
                <RNSVGGroup>
                  <RNSVGPath
                    d="M15.7 11.3l-6-6c-.4-.4-1-.4-1.4 0s-.4 1 0 1.4l5.3 5.3-5.3 5.3c-.4.4-.4 1 0 1.4.2.2.4.3.7.3s.5-.1.7-.3l6-6c.4-.4.4-1 0-1.4z"
                    fill={
                      Object {
                        "payload": 4281875266,
                        "type": 0,
                      }
                    }
                    propList={
                      Array [
                        "fill",
                      ]
                    }
                  />
                </RNSVGGroup>
              </RNSVGSvgView>
            </View>
          </View>
        </View>
        <View
          style={
            Array [
              Object {},
              false,
            ]
          }
        />
      </View>
      <View
        onLayout={[Function]}
        style={null}
      >
        <View
          accessible={true}
          focusable={true}
          onClick={[Function]}
          onResponderGrant={[Function]}
          onResponderMove={[Function]}
          onResponderRelease={[Function]}
          onResponderTerminate={[Function]}
          onResponderTerminationRequest={[Function]}
          onStartShouldSetResponder={[Function]}
          style={
            Object {
              "alignItems": "flex-start",
              "backgroundColor": "#fff",
              "borderBottomColor": "#f4f4f4",
              "borderBottomWidth": 1,
              "justifyContent": "center",
              "minHeight": 60,
              "padding": 8,
              "paddingVertical": 10,
            }
          }
        >
          <View
            style={
              Object {
                "flex": 1,
                "flexDirection": "row",
                "justifyContent": "space-between",
              }
            }
          >
            <View
              style={
                Object {
                  "alignContent": "center",
                  "alignItems": "center",
                  "justifyContent": "center",
                  "marginEnd": 20,
                }
              }
            >
              <Image
                source="test-file-stub"
                style={
                  Object {
                    "alignItems": "center",
                    "alignSelf": "center",
                    "height": 24,
                    "width": 24,
                  }
                }
              />
            </View>
            <View
              style={
                Object {
                  "flex": 1,
                  "fontFamily": "Montserrat-Regular",
                  "overflow": "hidden",
                  "shadowOffset": Object {
                    "height": 0,
                    "width": 0,
                  },
                  "textShadowOffset": Object {
                    "height": 0,
                    "width": 0,
                  },
                }
              }
            >
              <Text
                ellipsizeMode="tail"
                numberOfLines={2}
                style={
                  Object {
                    "color": "#383B42",
                    "fontFamily": "HelveticaNeue-Medium",
                    "fontSize": 18,
                    "lineHeight": 18,
                    "marginBottom": 2,
                    "paddingTop": 8,
                    "shadowOffset": Object {
                      "height": 0,
                      "width": 0,
                    },
                    "shadowOpacity": 0,
                    "shadowRadius": 0,
                  }
                }
              >
                Repo 2
              </Text>
              <View
                style={
                  Object {
                    "display": "flex",
                    "flexDirection": "row",
                    "height": 18,
                    "justifyContent": "flex-start",
                    "marginTop": 4,
                  }
                }
              >
                <Text
                  style={
                    Object {
                      "color": "#383B42",
                      "flex": 1,
                      "fontFamily": "Montserrat-Regular",
                      "fontSize": 12,
                      "lineHeight": 18,
                      "marginLeft": 0,
                      "paddingBottom": 5,
                      "shadowOffset": Object {
                        "height": 0,
                        "width": 0,
                      },
                      "shadowOpacity": 0,
                      "shadowRadius": 0,
                    }
                  }
                >
                  November 2
                  ,
                   
                  <Text
                    style={
                      Object {
                        "fontWeight": "bold",
                      }
                    }
                  >
                    01:53
                  </Text>
                </Text>
              </View>
              <View
                style={
                  Object {
                    "alignContent": "center",
                    "alignItems": "center",
                    "display": "flex",
                    "flexDirection": "row",
                    "justifyContent": "flex-start",
                    "marginTop": 6,
                  }
                }
              >
                <Image
                  source="test-file-stub"
                  style={
                    Object {
                      "alignItems": "center",
                      "alignSelf": "center",
                      "height": 12,
                      "marginEnd": 5,
                      "width": 12,
                    }
                  }
                />
                <Text
                  style={
                    Object {
                      "color": "#383B42",
                      "fontFamily": "Montserrat-Regular",
                      "fontSize": 12,
                      "marginLeft": 0,
                    }
                  }
                />
              </View>
            </View>
            <View
              style={
                Object {
                  "alignContent": "center",
                  "alignItems": "center",
                  "alignSelf": "center",
                  "flexDirection": "column",
                  "justifyContent": "center",
                  "marginTop": 0,
                  "right": 3,
                }
              }
            >
              <RNSVGSvgView
                align="xMidYMid"
                bbHeight="20"
                bbWidth="20"
                focusable={false}
                height={20}
                meetOrSlice={0}
                minX={0}
                minY={0}
                style={
                  Array [
                    Object {
                      "backgroundColor": "transparent",
                      "borderWidth": 0,
                    },
                    Object {
                      "color": "#383B42",
                    },
                    Object {
                      "flex": 0,
                      "height": 20,
                      "width": 20,
                    },
                  ]
                }
                tintColor="#383B42"
                vbHeight={24}
                vbWidth={24}
                width={20}
              >
                <RNSVGGroup>
                  <RNSVGPath
                    d="M15.7 11.3l-6-6c-.4-.4-1-.4-1.4 0s-.4 1 0 1.4l5.3 5.3-5.3 5.3c-.4.4-.4 1 0 1.4.2.2.4.3.7.3s.5-.1.7-.3l6-6c.4-.4.4-1 0-1.4z"
                    fill={
                      Object {
                        "payload": 4281875266,
                        "type": 0,
                      }
                    }
                    propList={
                      Array [
                        "fill",
                      ]
                    }
                  />
                </RNSVGGroup>
              </RNSVGSvgView>
            </View>
          </View>
        </View>
        <View
          style={
            Array [
              Object {},
              false,
            ]
          }
        />
      </View>
      <View
        onLayout={[Function]}
        style={null}
      >
        <View
          accessible={true}
          focusable={true}
          onClick={[Function]}
          onResponderGrant={[Function]}
          onResponderMove={[Function]}
          onResponderRelease={[Function]}
          onResponderTerminate={[Function]}
          onResponderTerminationRequest={[Function]}
          onStartShouldSetResponder={[Function]}
          style={
            Object {
              "alignItems": "flex-start",
              "backgroundColor": "#fff",
              "borderBottomColor": "#f4f4f4",
              "borderBottomWidth": 1,
              "justifyContent": "center",
              "minHeight": 60,
              "padding": 8,
              "paddingVertical": 10,
            }
          }
        >
          <View
            style={
              Object {
                "flex": 1,
                "flexDirection": "row",
                "justifyContent": "space-between",
              }
            }
          >
            <View
              style={
                Object {
                  "alignContent": "center",
                  "alignItems": "center",
                  "justifyContent": "center",
                  "marginEnd": 20,
                }
              }
            >
              <Image
                source="test-file-stub"
                style={
                  Object {
                    "alignItems": "center",
                    "alignSelf": "center",
                    "height": 24,
                    "width": 24,
                  }
                }
              />
            </View>
            <View
              style={
                Object {
                  "flex": 1,
                  "fontFamily": "Montserrat-Regular",
                  "overflow": "hidden",
                  "shadowOffset": Object {
                    "height": 0,
                    "width": 0,
                  },
                  "textShadowOffset": Object {
                    "height": 0,
                    "width": 0,
                  },
                }
              }
            >
              <Text
                ellipsizeMode="tail"
                numberOfLines={2}
                style={
                  Object {
                    "color": "#383B42",
                    "fontFamily": "HelveticaNeue-Medium",
                    "fontSize": 18,
                    "lineHeight": 18,
                    "marginBottom": 2,
                    "paddingTop": 8,
                    "shadowOffset": Object {
                      "height": 0,
                      "width": 0,
                    },
                    "shadowOpacity": 0,
                    "shadowRadius": 0,
                  }
                }
              >
                Repo 3
              </Text>
              <View
                style={
                  Object {
                    "display": "flex",
                    "flexDirection": "row",
                    "height": 18,
                    "justifyContent": "flex-start",
                    "marginTop": 4,
                  }
                }
              >
                <Text
                  style={
                    Object {
                      "color": "#383B42",
                      "flex": 1,
                      "fontFamily": "Montserrat-Regular",
                      "fontSize": 12,
                      "lineHeight": 18,
                      "marginLeft": 0,
                      "paddingBottom": 5,
                      "shadowOffset": Object {
                        "height": 0,
                        "width": 0,
                      },
                      "shadowOpacity": 0,
                      "shadowRadius": 0,
                    }
                  }
                >
                  November 2
                  ,
                   
                  <Text
                    style={
                      Object {
                        "fontWeight": "bold",
                      }
                    }
                  >
                    01:53
                  </Text>
                </Text>
              </View>
              <View
                style={
                  Object {
                    "alignContent": "center",
                    "alignItems": "center",
                    "display": "flex",
                    "flexDirection": "row",
                    "justifyContent": "flex-start",
                    "marginTop": 6,
                  }
                }
              >
                <Image
                  source="test-file-stub"
                  style={
                    Object {
                      "alignItems": "center",
                      "alignSelf": "center",
                      "height": 12,
                      "marginEnd": 5,
                      "width": 12,
                    }
                  }
                />
                <Text
                  style={
                    Object {
                      "color": "#383B42",
                      "fontFamily": "Montserrat-Regular",
                      "fontSize": 12,
                      "marginLeft": 0,
                    }
                  }
                />
              </View>
            </View>
            <View
              style={
                Object {
                  "alignContent": "center",
                  "alignItems": "center",
                  "alignSelf": "center",
                  "flexDirection": "column",
                  "justifyContent": "center",
                  "marginTop": 0,
                  "right": 3,
                }
              }
            >
              <RNSVGSvgView
                align="xMidYMid"
                bbHeight="20"
                bbWidth="20"
                focusable={false}
                height={20}
                meetOrSlice={0}
                minX={0}
                minY={0}
                style={
                  Array [
                    Object {
                      "backgroundColor": "transparent",
                      "borderWidth": 0,
                    },
                    Object {
                      "color": "#383B42",
                    },
                    Object {
                      "flex": 0,
                      "height": 20,
                      "width": 20,
                    },
                  ]
                }
                tintColor="#383B42"
                vbHeight={24}
                vbWidth={24}
                width={20}
              >
                <RNSVGGroup>
                  <RNSVGPath
                    d="M15.7 11.3l-6-6c-.4-.4-1-.4-1.4 0s-.4 1 0 1.4l5.3 5.3-5.3 5.3c-.4.4-.4 1 0 1.4.2.2.4.3.7.3s.5-.1.7-.3l6-6c.4-.4.4-1 0-1.4z"
                    fill={
                      Object {
                        "payload": 4281875266,
                        "type": 0,
                      }
                    }
                    propList={
                      Array [
                        "fill",
                      ]
                    }
                  />
                </RNSVGGroup>
              </RNSVGSvgView>
            </View>
          </View>
        </View>
      </View>
    </View>
  </RCTScrollView>
</View>
`;
